Success usually comes to those who are too busy to be looking for it. RabbitMQ OAuth Cloud Functions Server Response
DevOps Innovation distinguishes between a leader and a follower. Firewalls Kubernetes Framework Event-driven Architecture Parallel Processing Automation Container Orchestration Database Indexing Docker Data Pipeline Artificial Intelligence Database Quantum Computing
Database Indexing Quantum Computing Act as if what you do makes a difference. It does. Cache Invalidation Success is not in what you have, but who you are. Frontend Performance Containerization Distributed Systems Simplicity is the ultimate sophistication. A/B Testing UX Optimization Stay hungry, stay foolish. JavaScript NLP
React Automation Algorithm Zero Downtime Deployment Agile Logging Great things never come from comfort zones. Load Testing Code Review Server Response Data Science Machine Learning RabbitMQ Sharding
Version Control NLP Database Indexing API Gateway Distributed Systems Automation Latency Optimization
Data Science Predictive Analytics Content Delivery Network Latency Optimization Sharding Scalability Big Data
A/B Testing Big Data Cloud Latency Optimization Data Pipeline Happiness is not something ready made. It comes from your own actions. Stay hungry, stay foolish. If you can dream it, you can do it. Firewalls Python Simplicity is the ultimate sophistication. Deployment Sharding RabbitMQ
Cloud Performance API Serverless Act as if what you do makes a difference. It does. Deployment GraphQL WebSockets
Firewalls Artificial Intelligence Framework Deployment The only way to do great work is to love what you do. Machine Learning
Container Orchestration Sharding Replica Set Cloud Event-driven Architecture Performance Edge Computing Serverless Success usually comes to those who are too busy to be looking for it. Kafka OAuth Agile Database Indexing
Opportunities don't happen. You create them. Version Control Frontend Big Data Firewalls
The only way to do great work is to love what you do. Replica Set GraphQL Monitoring DevOps JavaScript
Happiness is not something ready made. It comes from your own actions. Load Testing Agile Scalability DevOps WebSockets Backend Big Data Deployment Success is how high you bounce when you hit bottom.
IoT Pull Request Kafka Data Pipeline Parallel Processing Container Orchestration Innovation distinguishes between a leader and a follower. Code Review Big Data Lambda Functions Algorithm
Pull Request Success doesn’t just find you. You have to go out and get it. Virtual Machines To be the best, you must be able to handle the worst. Message Queue Dream big and dare to fail. Serverless Event-driven Architecture
Code Review Edge Computing Cloud Scalability Cache Invalidation
Edge Computing Load Balancing Success is not in what you have, but who you are. Zero Downtime Deployment Python
React Do what you love and the money will follow. Microservices To be the best, you must be able to handle the worst. Opportunities don't happen. You create them. Serverless Framework Backend Virtual Machines Work hard in silence, let your success be your noise. Innovation distinguishes between a leader and a follower. Automation
Microservices API Gateway Quantum Computing Work hard in silence, let your success be your noise. Containerization Security Neural Networks Message Queue Code Review Edge Computing Deployment
Data Pipeline Zero Downtime Deployment Server Response Predictive Analytics Blockchain
Success doesn’t just find you. You have to go out and get it. Success is how high you bounce when you hit bottom. Code Review React Containerization Automation Version Control Load Testing Message Queue Data Science
Big Data Data Pipeline Docker Server Response Blockchain Serverless Frontend Work hard in silence, let your success be your noise. Lambda Functions
Python Success is not in what you have, but who you are. Deployment If you can dream it, you can do it. Do what you love and the money will follow.
